
Running 1 test using 1 worker

[1A[2K[1/1] [chromium] ÔÇ║ tests\e2e\offline-sales.spec.ts:24:5 ÔÇ║ Offline First - Sales Sync Flow ÔÇ║ should create sale offline and sync when online
[1A[2K  1) [chromium] ÔÇ║ tests\e2e\offline-sales.spec.ts:24:5 ÔÇ║ Offline First - Sales Sync Flow ÔÇ║ should create sale offline and sync when online 

    [31mTest timeout of 60000ms exceeded while running "beforeEach" hook.[39m

       5 |     test.setTimeout(60000);
       6 |
    >  7 |     test.beforeEach(async ({ page }) => {
         |          ^
       8 |         // 1. Login en tant que Manager (Simul├® ou Via UI si n├®cessaire)
       9 |         // Pour l'instant, on assume qu'on peut atteindre l'app directement
      10 |         await page.goto('http://localhost:5173');
        at C:\Users\HP ELITEBOOK\DEV\BarTender\tests\e2e\offline-sales.spec.ts:7:10

    Error: locator.click: Test timeout of 60000ms exceeded.
    Call log:
    [2m  - waiting for getByRole('link', { name: /ventes/i }).first()[22m


      19 |
      20 |         // S'assurer qu'on est sur l'├®cran de prise de commande
    > 21 |         await page.getByRole('link', { name: /ventes/i }).first().click();
         |                                                                   ^
      22 |     });
      23 |
      24 |     test('should create sale offline and sync when online', async ({ page, context }) => {
        at C:\Users\HP ELITEBOOK\DEV\BarTender\tests\e2e\offline-sales.spec.ts:21:67

    Error Context: test-results\offline-sales-Offline-Firs-94139-ffline-and-sync-when-online-chromium\error-context.md


[1A[2K  1 failed
    [chromium] ÔÇ║ tests\e2e\offline-sales.spec.ts:24:5 ÔÇ║ Offline First - Sales Sync Flow ÔÇ║ should create sale offline and sync when online 

[36m  Serving HTML report at http://localhost:56510. Press Ctrl+C to quit.[39m
